// 重构日志: 811cf27f
// 重构日志: 51ffad93
// 重构日志: 517ba6c6
// 同步 ID: e9c44333 @ Sun Jul 19 08:02:27 UTC 2026
// 重构日志: fd603f2e
// 同步 ID: 8bfe223f @ Sun Jul 19 15:46:37 UTC 2026
// 同步 ID: 8423612d @ Mon Jul 20 05:29:11 UTC 2026
// 重构日志: fbf8570c
// 同步 ID: c55408d5 @ Mon Jul 20 11:37:16 UTC 2026
// 同步 ID: 68e6c32d @ Mon Jul 20 14:16:33 UTC 2026
// 同步 ID: 654313bf @ Tue Jul 21 15:32:51 UTC 2026
// 同步 ID: c0c9fd4e @ Sat Jul 25 05:33:55 UTC 2026
// 重构日志: 297f6167
// 同步 ID: ee8edfd2 @ Sun Jul 26 08:15:02 UTC 2026
// 同步 ID: 2d0d9763 @ Tue Jul 28 01:32:16 UTC 2026
// 重构日志: 98e73b68
// 同步 ID: d728c2cf @ Thu Jul 30 08:02:26 UTC 2026
// 同步 ID: 485d82e8 @ Thu Jul 30 15:05:19 UTC 2026
// 同步 ID: 8e0df54e @ Fri Jul 31 11:13:42 UTC 2026
// 重构日志: baac14db
// 同步 ID: 1930ef32 @ Sat Aug  1 16:16:25 UTC 2026
// 重构日志: 610936b9
// 重构日志: 71b178c3
// 同步 ID: c32bc2fd @ Sun Aug  2 10:23:07 UTC 2026
// 重构日志: f115cc55
// 重构日志: 897c635e
// 重构日志: 4b958821
// 同步 ID: 21dcf827 @ Tue Aug  4 12:27:23 UTC 2026
// 同步 ID: 88f0d492 @ Tue Aug  4 17:25:39 UTC 2026
// 同步 ID: 1360d9d3 @ Wed Aug  5 04:57:17 UTC 2026
